################################################################################
#                                                                              #
#      IAR Universal Linker V6.4.6.89                                          #
#                                                                              #
#           Link time     =  19/Jul/2021  03:20:17                             #
#           Target CPU    =  x51                                               #
#           List file     =  D:\Private\IoT.projects\cc2541\BLE-CC254x-1.4.2.2 #
#                            \Projects\ble\util\BIM\cc254x\CC254xF256\List\BIM #
#                            .map                                              #
#           Output file 1 =  D:\Private\IoT.projects\cc2541\BLE-CC254x-1.4.2.2 #
#                            \Projects\ble\util\BIM\cc254x\CC254xF256\Exe\BIM_ #
#                            CC254xF256.hex                                    #
#                            Format: intel-extended                            #
#           Output file 2 =  D:\Private\IoT.projects\cc2541\BLE-CC254x-1.4.2.2 #
#                            \Projects\ble\util\BIM\cc254x\CC254xF256\Exe\BIM. #
#                            d51                                               #
#                            Format: ubrof10                                   #
#                            UBROF version 10.0.6                              #
#                            Using library modules for C-SPY (-rt)             #
#           Command line  =  -f c:\Temp\EW7EE0.tmp                             #
#                            (D:\Private\IoT.projects\cc2541\BLE-CC254x-1.4.2. #
#                            2\Projects\ble\util\BIM\cc254x\CC254xF256\Obj\bim #
#                            _ivec.r51                                         #
#                            D:\Private\IoT.projects\cc2541\BLE-CC254x-1.4.2.2 #
#                            \Projects\ble\util\BIM\cc254x\CC254xF256\Obj\bim_ #
#                            main.r51                                          #
#                            D:\Private\IoT.projects\cc2541\BLE-CC254x-1.4.2.2 #
#                            \Projects\ble\util\BIM\cc254x\CC254xF256\Obj\hal_ #
#                            flash.r51                                         #
#                            -o                                                #
#                            D:\Private\IoT.projects\cc2541\BLE-CC254x-1.4.2.2 #
#                            \Projects\ble\util\BIM\cc254x\CC254xF256\Exe\BIM. #
#                            d51                                               #
#                            -l                                                #
#                            D:\Private\IoT.projects\cc2541\BLE-CC254x-1.4.2.2 #
#                            \Projects\ble\util\BIM\cc254x\CC254xF256\List\BIM #
#                            .map                                              #
#                            -xmsn                                             #
#                            -ID:\Private\IoT.projects\cc2541\BLE-CC254x-1.4.2 #
#                            .2\Projects\ble\util\BIM\cc254x\                  #
#                            -f bim_cc254x.xcl (-D_XDATA_BEG=0x0000            #
#                            -D_XDATA_END=0x1EFF -D_IDATA_BEG=0x09             #
#                            -D_IDATA_END=0xFF -D_CODE_BEG=0x0000              #
#                            -D_CODE_END=0x07FF -D?REGISTER_BANK=0             #
#                            -D_REGISTER_BANK_BEG=0 -D?PBANK_NUMBER=00         #
#                            -D_BREG_BEG=0x00 -D?VB=0x20                       #
#                            -Z(BIT)BREG=_BREG_BEG -Z(BIT)BIT_N=0-7F           #
#                            -Z(DATA)REGISTERS+8=_REGISTER_BANK_BEG            #
#                            -Z(DATA)BDATA_Z,BDATA_N,BDATA_I=20-2F             #
#                            -Z(DATA)VREG=_IDATA_BEG-7F                        #
#                            -Z(DATA)PSP,XSP=_IDATA_BEG-7F                     #
#                            -Z(DATA)DOVERLAY=_IDATA_BEG-7F                    #
#                            -Z(DATA)DATA_I,DATA_Z,DATA_N=_IDATA_BEG-7F        #
#                            -U(IDATA)0-7F=(DATA)0-7F                          #
#                            -Z(IDATA)IDATA_I,IDATA_Z,IDATA_N=_IDATA_BEG-_IDAT #
#                            A_END                                             #
#                            -Z(IDATA)ISTACK+_IDATA_STACK_SIZE#_IDATA_BEG-_IDA #
#                            TA_END                                            #
#                            -Z(IDATA)IOVERLAY=_IDATA_BEG-FF                   #
#                            -Z(CODE)INTVEC=_CODE_BEG                          #
#                            -Z(CODE)BIT_ID,BDATA_ID,DATA_ID,IDATA_ID,IXDATA_I #
#                            D,PDATA_ID,XDATA_ID=_CODE_BEG-_CODE_END           #
#                            -Z(CODE)ALIGNED_CODE|2=_CODE_BEG-_CODE_END        #
#                            -P(CODE)CSTART,RCODE,DIFUNCT,NEAR_CODE=_CODE_BEG- #
#                            _CODE_END                                         #
#                            -Z(XDATA)XSTACK+_XDATA_STACK_SIZE=_XDATA_BEG-_XDA #
#                            TA_END                                            #
#                            -Z(XDATA)XDATA_Z,XDATA_I,PDATA_Z=_XDATA_BEG-_XDAT #
#                            A_END                                             #
#                            -P(XDATA)XDATA_N=_XDATA_BEG-_XDATA_END -cx51      #
#                            -HFFFF)                                           #
#                            "-IC:\Program Files (x86)\IAR Systems\Embedded Wo #
#                            rkbench 8.0\8051\CONFIG\"                         #
#                            -D_NR_OF_VIRTUAL_REGISTERS=10 -D?PBANK=0x93       #
#                            -D?CBANK=0x9F -D?CBANK_MASK=0xFF                  #
#                            -e?BCALL_FF=?BCALL -e?BRET_FF=?BRET               #
#                            -e?BDISPATCH_FF=?BDISPATCH                        #
#                            -D_CODEBANK_START=0x8000 -D_CODEBANK_END=0xFFFF   #
#                            -D_NR_OF_BANKS=0x07                               #
#                            -e_large_write=_formatted_write                   #
#                            -e_large_read=_formatted_read -rt                 #
#                            -Ointel-extended=D:\Private\IoT.projects\cc2541\B #
#                            LE-CC254x-1.4.2.2\Projects\ble\util\BIM\cc254x\CC #
#                            254xF256\Exe\BIM_CC254xF256.hex                   #
#                            -s __program_start                                #
#                            "C:\Program Files (x86)\IAR Systems\Embedded Work #
#                            bench 8.0\8051\LIB\CLIB\cl-pli-nlxd-1e16x01.r51"  #
#                            -D_IDATA_STACK_SIZE=0xC0 -D?ESP=0 -D?ESP_MASK=0   #
#                            -D_EXTENDED_STACK_START=0                         #
#                            -D_EXTENDED_STACK_SIZE=0                          #
#                            -D_PDATA_STACK_SIZE=0x0                           #
#                            -D_XDATA_STACK_SIZE=0x180                         #
#                            -D_XDATA_HEAP_SIZE=0xFF -D_FAR_HEAP_SIZE=0xFFF    #
#                            -D_HUGE_HEAP_SIZE=0xFFF                           #
#                            -D_FAR22_HEAP_SIZE=0xFFF)                         #
#                                                                              #
#                           Copyright (C) 1987-2016 IAR Systems AB.            #
################################################################################





                ****************************************
                *                                      *
                *           CROSS REFERENCE            *
                *                                      *
                ****************************************

       Program entry at : CODE      00000761  Relocatable, from module : CSTARTUP




                ****************************************
                *                                      *
                *            RUNTIME MODEL             *
                *                                      *
                ****************************************

  __SystemLibrary          = CLib
  __calling_convention     = xdata_reentrant
  __code_model             = near
  __core                   = plain
  __data_model             = large
  __dptr_size              = 16
  __extended_stack         = disabled
  __location_for_constants = data
  __number_of_dptrs        = 1
  __register_banks         = *
  __rt_version             = 1

                ****************************************
                *                                      *
                *    AUTOMATIC SYMBOL REDIRECTIONS     *
                *                                      *
                ****************************************

                  There are no automatic symbol redirections.



                ****************************************
                *                                      *
                *              MODULE MAP              *
                *                                      *
                ****************************************


  DEFINED ABSOLUTE ENTRIES
  PROGRAM MODULE, NAME : ?ABS_ENTRY_MOD

Absolute parts
           ENTRY                   ADDRESS         REF BY
           =====                   =======         ======
           _FAR22_HEAP_SIZE        00000FFF 
           _HUGE_HEAP_SIZE         00000FFF 
           _FAR_HEAP_SIZE          00000FFF 
           _XDATA_HEAP_SIZE        000000FF 
           _XDATA_STACK_SIZE       00000180 
           _PDATA_STACK_SIZE       00000000 
           _EXTENDED_STACK_SIZE    00000000 
           _EXTENDED_STACK_START   00000000 
           ?ESP_MASK               00000000 
           ?ESP                    00000000 
           _IDATA_STACK_SIZE       000000C0 
           _NR_OF_BANKS            00000007 
           _CODEBANK_END           0000FFFF 
           _CODEBANK_START         00008000 
           ?CBANK_MASK             000000FF 
           ?CBANK                  0000009F 
           ?PBANK                  00000093 
           _NR_OF_VIRTUAL_REGISTERS
                                   00000010 
           ?VB                     00000020        ?FUNC_ENTER_XDATA (?FUNC_ENTER_XDATA)
                                                   ?FUNC_LEAVE_XDATA (?FUNC_LEAVE_XDATA)
           _BREG_BEG               00000000 
           ?PBANK_NUMBER           00000000 
           _REGISTER_BANK_BEG      00000000 
           ?REGISTER_BANK          00000000        Segment part 6 (CSTARTUP)
           _CODE_END               000007FF 
           _CODE_BEG               00000000 
           _IDATA_END              000000FF 
           _IDATA_BEG              00000009 
           _XDATA_END              00001EFF 
           _XDATA_BEG              00000000 
    *************************************************************************

  FILE NAME : D:\Private\IoT.projects\cc2541\BLE-CC254x-1.4.2.2\Projects\ble\util\BIM\cc254x\CC254xF256\Obj\bim_ivec.r51
  PROGRAM MODULE, NAME : bim_ivec

  SEGMENTS IN THE MODULE
  ======================
INTVEC
  Common segment, address: CODE 00000000 - 00000090 (0x91 bytes), align: 0
  Segment part 0. ROOT 
    -------------------------------------------------------------------------
<CSTART,NEAR_CODE,RCODE> 1 (was RCODE)
  Relative segment, address: CODE 00000415 - 0000055C (0x148 bytes), align: 0
  Segment part 1. ROOT        Intra module refs:   Absolute parts
                                                   Segment part 0
           ENTRY                   ADDRESS         REF BY
           =====                   =======         ======
           __ivec_03               00000415 
           __ivec_0b               00000427 
           __ivec_13               00000439 
           __ivec_1b               0000044B 
           __ivec_23               0000045D 
           __ivec_2b               0000046F 
           __ivec_33               00000481 
           __ivec_3b               00000493 
           __ivec_43               000004A5 
           __ivec_4b               000004B7 
           __ivec_53               000004C9 
           __ivec_5b               000004DB 
           __ivec_63               000004ED 
           __ivec_6b               000004FF 
           __ivec_73               00000511 
           __ivec_7b               00000523 
           __ivec_83               00000535 
           __ivec_8b               00000547 
           LOCAL                   ADDRESS         
           =====                   =======         
           __imgA_03               00000420 
           __imgA_0b               00000432 
           __imgA_13               00000444 
           __imgA_1b               00000456 
           __imgA_23               00000468 
           __imgA_2b               0000047A 
           __imgA_33               0000048C 
           __imgA_3b               0000049E 
           __imgA_43               000004B0 
           __imgA_4b               000004C2 
           __imgA_53               000004D4 
           __imgA_5b               000004E6 
           __imgA_63               000004F8 
           __imgA_6b               0000050A 
           __imgA_73               0000051C 
           __imgA_7b               0000052E 
           __imgA_83               00000540 
           __imgA_8b               00000552 
           __relay_err             00000559 

    *************************************************************************

  FILE NAME : D:\Private\IoT.projects\cc2541\BLE-CC254x-1.4.2.2\Projects\ble\util\BIM\cc254x\CC254xF256\Obj\bim_main.r51
  PROGRAM MODULE, NAME : bim_main

  SEGMENTS IN THE MODULE
  ======================
SFR_AN
  Relative segment, address: DATA 00000087 - 00000087 (0x1 bytes), align: 0
  Segment part 1. ROOT        Intra module refs:   halSleepExec
           ENTRY                   ADDRESS         REF BY
           =====                   =======         ======
           PCON                    00000087 
    -------------------------------------------------------------------------
SFR_AN
  Relative segment, address: DATA 0000009D - 0000009D (0x1 bytes), align: 0
  Segment part 2. ROOT        Intra module refs:   main
           ENTRY                   ADDRESS         REF BY
           =====                   =======         ======
           SLEEPSTA                0000009D 
    -------------------------------------------------------------------------
SFR_AN
  Relative segment, address: DATA 0000009E - 0000009E (0x1 bytes), align: 0
  Segment part 3. ROOT        Intra module refs:   main
           ENTRY                   ADDRESS         REF BY
           =====                   =======         ======
           CLKCONSTA               0000009E 
    -------------------------------------------------------------------------
SFR_AN
  Relative segment, address: DATA 000000A8 - 000000A8 (0x1 bytes), align: 0
  Segment part 4. ROOT        Intra module refs:   DMAExecCrc
                                                   HalFlashRead (hal_flash)
                                                   main
           ENTRY                   ADDRESS         REF BY
           =====                   =======         ======
           _A_IEN0                 000000A8 
           LOCAL                   ADDRESS         
           =====                   =======         
           IEN0                    000000A8 
    -------------------------------------------------------------------------
SFR_AN
  Relative segment, address: DATA 000000B4 - 000000B4 (0x1 bytes), align: 0
  Segment part 5. ROOT        Intra module refs:   main
           ENTRY                   ADDRESS         REF BY
           =====                   =======         ======
           ADCCON1                 000000B4 
    -------------------------------------------------------------------------
SFR_AN
  Relative segment, address: DATA 000000BC - 000000BC (0x1 bytes), align: 0
  Segment part 6. ROOT        Intra module refs:   main
           ENTRY                   ADDRESS         REF BY
           =====                   =======         ======
           RNDL                    000000BC 
    -------------------------------------------------------------------------
SFR_AN
  Relative segment, address: DATA 000000BD - 000000BD (0x1 bytes), align: 0
  Segment part 7. ROOT        Intra module refs:   main
           ENTRY                   ADDRESS         REF BY
           =====                   =======         ======
           RNDH                    000000BD 
    -------------------------------------------------------------------------
SFR_AN
  Relative segment, address: DATA 000000BE - 000000BE (0x1 bytes), align: 0
  Segment part 8. ROOT        Intra module refs:   main
           ENTRY                   ADDRESS         REF BY
           =====                   =======         ======
           SLEEPCMD                000000BE 
    -------------------------------------------------------------------------
SFR_AN
  Relative segment, address: DATA 000000C6 - 000000C6 (0x1 bytes), align: 0
  Segment part 9. ROOT        Intra module refs:   main
           ENTRY                   ADDRESS         REF BY
           =====                   =======         ======
           CLKCONCMD               000000C6 
    -------------------------------------------------------------------------
SFR_AN
  Relative segment, address: DATA 000000C7 - 000000C7 (0x1 bytes), align: 0
  Segment part 10. ROOT       Intra module refs:   DMAExecCrc
                                                   HalFlashRead (hal_flash)
           ENTRY                   ADDRESS         REF BY
           =====                   =======         ======
           MEMCTR                  000000C7 
    -------------------------------------------------------------------------
SFR_AN
  Relative segment, address: DATA 000000C9 - 000000C9 (0x1 bytes), align: 0
  Segment part 11. ROOT       Intra module refs:   main
           ENTRY                   ADDRESS         REF BY
           =====                   =======         ======
           WDCTL                   000000C9 
    -------------------------------------------------------------------------
SFR_AN
  Relative segment, address: DATA 000000D4 - 000000D4 (0x1 bytes), align: 0
  Segment part 12. ROOT       Intra module refs:   DMAExecCrc
                                                   main
           ENTRY                   ADDRESS         REF BY
           =====                   =======         ======
           DMA0CFGL                000000D4 
    -------------------------------------------------------------------------
SFR_AN
  Relative segment, address: DATA 000000D5 - 000000D5 (0x1 bytes), align: 0
  Segment part 13. ROOT       Intra module refs:   DMAExecCrc
                                                   main
           ENTRY                   ADDRESS         REF BY
           =====                   =======         ======
           DMA0CFGH                000000D5 
    -------------------------------------------------------------------------
SFR_AN
  Relative segment, address: DATA 000000D6 - 000000D6 (0x1 bytes), align: 0
  Segment part 14. ROOT       Intra module refs:   DMAExecCrc
                                                   HalFlashWrite (hal_flash)
           ENTRY                   ADDRESS         REF BY
           =====                   =======         ======
           DMAARM                  000000D6 
    -------------------------------------------------------------------------
SFR_AN
  Relative segment, address: DATA 000000D7 - 000000D7 (0x1 bytes), align: 0
  Segment part 15. ROOT       Intra module refs:   DMAExecCrc
           ENTRY                   ADDRESS         REF BY
           =====                   =======         ======
           DMAREQ                  000000D7 
    -------------------------------------------------------------------------
<XDATA_N> 1 (was XDATA_N)
  Relative segment, address: XDATA 00000980 - 00000987 (0x8 bytes), align: 0
  Segment part 22.            Intra module refs:   DMAExecCrc
                                                   main
           ENTRY                   ADDRESS         REF BY
           =====                   =======         ======
           dmaCh0                  00000980        HalFlashWrite (hal_flash)
    -------------------------------------------------------------------------
<XDATA_N> 1 (was XDATA_N)
  Relative segment, address: XDATA 00000180 - 0000097F (0x800 bytes), align: 0
  Segment part 23.            Intra module refs:   main
           ENTRY                   ADDRESS         REF BY
           =====                   =======         ======
           pgBuf                   00000180 
    -------------------------------------------------------------------------
DATA_AN
  Relative segment, address: DATA 00000009 - 00000009 (0x1 bytes), align: 0
  Segment part 16. ROOT       Intra module refs:   main
           ENTRY                   ADDRESS         REF BY
           =====                   =======         ======
           JumpToImageAorB         00000009 
    -------------------------------------------------------------------------
ALIGNED_CODE
  Relative segment, address: CODE 00000094 - 00000098 (0x5 bytes), align: 0
  Segment part 24.            Intra module refs:   main
           ENTRY                   ADDRESS         REF BY
           =====                   =======         ======
           halSleepExec            00000094 
               XSTACK = 00000004 ( 00000000 )
    -------------------------------------------------------------------------
<CSTART,NEAR_CODE,RCODE> 1 (was NEAR_CODE)
  Relative segment, address: CODE 00000099 - 00000384 (0x2ec bytes), align: 0
  Segment part 25.
           ENTRY                   ADDRESS         REF BY
           =====                   =======         ======
           main                    00000099        ?call_main (?cmain)
               calls direct
               XSTACK = 00000000 ( 00000006 )
    -------------------------------------------------------------------------
<CSTART,NEAR_CODE,RCODE> 1 (was NEAR_CODE)
  Relative segment, address: CODE 00000385 - 00000414 (0x90 bytes), align: 0
  Segment part 26.            Intra module refs:   main
           ENTRY                   ADDRESS         REF BY
           =====                   =======         ======
           DMAExecCrc              00000385 
               XSTACK = 00000004 ( 00000009 )

    *************************************************************************

  FILE NAME : D:\Private\IoT.projects\cc2541\BLE-CC254x-1.4.2.2\Projects\ble\util\BIM\cc254x\CC254xF256\Obj\hal_flash.r51
  PROGRAM MODULE, NAME : hal_flash

  SEGMENTS IN THE MODULE
  ======================
SFR_AN
  Relative segment, address: DATA 000000D1 - 000000D1 (0x1 bytes), align: 0
  Segment part 3. ROOT        Intra module refs:   HalFlashWrite
           ENTRY                   ADDRESS         REF BY
           =====                   =======         ======
           DMAIRQ                  000000D1 
    -------------------------------------------------------------------------
<CSTART,NEAR_CODE,RCODE> 1 (was NEAR_CODE)
  Relative segment, address: CODE 0000055D - 000005E2 (0x86 bytes), align: 0
  Segment part 10.
           ENTRY                   ADDRESS         REF BY
           =====                   =======         ======
           HalFlashRead            0000055D        main (bim_main)
               XSTACK = 00000002 ( 0000000B )
               ISTACK = 00000000 ( 00000001 )
    -------------------------------------------------------------------------
<CSTART,NEAR_CODE,RCODE> 1 (was NEAR_CODE)
  Relative segment, address: CODE 000005E3 - 0000064A (0x68 bytes), align: 0
  Segment part 11.
           ENTRY                   ADDRESS         REF BY
           =====                   =======         ======
           HalFlashWrite           000005E3        main (bim_main)
               XSTACK = 00000002 ( 00000009 )

    *************************************************************************

  FILE NAME : C:\Program Files (x86)\IAR Systems\Embedded Workbench 8.0\8051\LIB\CLIB\cl-pli-nlxd-1e16x01.r51
  LIBRARY MODULE, NAME : ?cexit

  SEGMENTS IN THE MODULE
  ======================
<CSTART,NEAR_CODE,RCODE> 1 (was CSTART)
  Relative segment, address: CODE 000007A4 - 000007A8 (0x5 bytes), align: 0
  Segment part 0.
           ENTRY                   ADDRESS         REF BY
           =====                   =======         ======
           exit                    000007A4        ?call_main (?cmain)
           ?C_EXIT                 000007A4 
           ?ROM_MONITOR_NOPS       000007A4 

    -------------------------------------------------------------------------
  LIBRARY MODULE, NAME : ?cmain

  SEGMENTS IN THE MODULE
  ======================
<CSTART,NEAR_CODE,RCODE> 1 (was CSTART)
  Relative segment, address: CODE 0000079E, align: 0
  Segment part 5.
           ENTRY                   ADDRESS         REF BY
           =====                   =======         ======
           ?cmain                  0000079E        Segment part 13 (CSTARTUP)
               calls direct
    -------------------------------------------------------------------------
<CSTART,NEAR_CODE,RCODE> 1 (was CSTART)
  Relative segment, address: CODE 0000079E - 000007A3 (0x6 bytes), align: 0
  Segment part 38.            Intra module refs:   ?cmain
           ENTRY                   ADDRESS         REF BY
           =====                   =======         ======
           ?call_main              0000079E 

    -------------------------------------------------------------------------
  LIBRARY MODULE, NAME : CSTARTUP

  SEGMENTS IN THE MODULE
  ======================
REGISTERS
  Relative segment, address: DATA 00000000, align: 0
  Segment part 0.             Intra module refs:   Segment part 6
           ENTRY                   ADDRESS         REF BY
           =====                   =======         ======
           ?REGISTERS              00000000 
    -------------------------------------------------------------------------
ISTACK
  Relative segment, address: IDATA 00000040, align: 0
  Segment part 1.             Intra module refs:   Segment part 6
           ENTRY                   ADDRESS         REF BY
           =====                   =======         ======
           ?ISTACK_START           00000040 
    -------------------------------------------------------------------------
XSTACK
  Relative segment, address: XDATA 00000000, align: 0
  Segment part 3.             Intra module refs:   ?RESET_XSP
           ENTRY                   ADDRESS         REF BY
           =====                   =======         ======
           ?XSTACK_START           00000000 
    -------------------------------------------------------------------------
INTVEC
  Common segment, address: CODE 00000000 - 00000002 (0x3 bytes), align: 0
  Segment part 5. ROOT        Intra module refs:   Segment part 6
    -------------------------------------------------------------------------
<CSTART,NEAR_CODE,RCODE> 1 (was CSTART)
  Relative segment, address: CODE 00000761 - 00000766 (0x6 bytes), align: 0
  Segment part 6. ROOT        Intra module refs:   Segment part 5
           ENTRY                   ADDRESS         REF BY
           =====                   =======         ======
           __program_start         00000761        Absolute parts (?ABS_ENTRY_MOD)
           ?RESET_SP               00000764 
    -------------------------------------------------------------------------
<CSTART,NEAR_CODE,RCODE> 1 (was CSTART)
  Relative segment, address: CODE 00000767 - 0000076C (0x6 bytes), align: 0
  Segment part 8.
           ENTRY                   ADDRESS         REF BY
           =====                   =======         ======
           ?RESET_XSP              00000767        ?XSP (VIRTUAL_REGISTERS)
    -------------------------------------------------------------------------
<CSTART,NEAR_CODE,RCODE> 1 (was CSTART)
  Relative segment, address: CODE 0000076D - 0000076F (0x3 bytes), align: 0
  Segment part 13.            Intra module refs:   Absolute parts

    -------------------------------------------------------------------------
  LIBRARY MODULE, NAME : VIRTUAL_REGISTERS

  SEGMENTS IN THE MODULE
  ======================
BREG
  Relative segment, address: BIT 00000020.0 - 00000020.7 (0x8 bits), align: 0
  Segment part 0.
           ENTRY                   ADDRESS         REF BY
           =====                   =======         ======
           ?B0                     00000020.0      Absolute parts (CSTARTUP)
    -------------------------------------------------------------------------
VREG
  Relative segment, address: DATA 0000000A - 0000000A (0x1 bytes), align: 0
  Segment part 1.             Intra module refs:   ?V1
           ENTRY                   ADDRESS         REF BY
           =====                   =======         ======
           ?V0                     0000000A        ?FUNC_ENTER_XDATA (?FUNC_ENTER_XDATA)
                                                   ?FUNC_LEAVE_XDATA (?FUNC_LEAVE_XDATA)
                                                   DMAExecCrc (bim_main)
                                                   HalFlashRead (hal_flash)
                                                   HalFlashWrite (hal_flash)
                                                   main (bim_main)
    -------------------------------------------------------------------------
VREG
  Relative segment, address: DATA 0000000B - 0000000B (0x1 bytes), align: 0
  Segment part 2.             Intra module refs:   ?V2
           ENTRY                   ADDRESS         REF BY
           =====                   =======         ======
           ?V1                     0000000B        DMAExecCrc (bim_main)
                                                   HalFlashRead (hal_flash)
                                                   HalFlashWrite (hal_flash)
                                                   main (bim_main)
    -------------------------------------------------------------------------
VREG
  Relative segment, address: DATA 0000000C - 0000000C (0x1 bytes), align: 0
  Segment part 3.             Intra module refs:   ?V3
           ENTRY                   ADDRESS         REF BY
           =====                   =======         ======
           ?V2                     0000000C        HalFlashRead (hal_flash)
    -------------------------------------------------------------------------
VREG
  Relative segment, address: DATA 0000000D - 0000000D (0x1 bytes), align: 0
  Segment part 4.
           ENTRY                   ADDRESS         REF BY
           =====                   =======         ======
           ?V3                     0000000D        HalFlashRead (hal_flash)
    -------------------------------------------------------------------------
XSP
  Relative segment, address: DATA 0000000E - 0000000F (0x2 bytes), align: 0
  Segment part 34.
           ENTRY                   ADDRESS         REF BY
           =====                   =======         ======
           ?XSP                    0000000E        ?ADD_XSTACK_DISP0_8 (?ADD_XSTACK_DISP8)
                                                   ?ALLOC_XSTACK8 (?ALLOC_XSTACK8)
                                                   ?DEALLOC_XSTACK8 (?DEALLOC_XSTACK8)
                                                   ?FUNC_ENTER_XDATA (?FUNC_ENTER_XDATA)
                                                   ?FUNC_LEAVE_XDATA (?FUNC_LEAVE_XDATA)
                                                   ?RESET_XSP (CSTARTUP)
                                                   ?XSTACK_DISP0_8 (?XSTACK_DISP8)
                                                   ?XSTACK_DISP102_8 (?XSTACK_DISP8_RP)
                                                   main (bim_main)

    -------------------------------------------------------------------------
  LIBRARY MODULE, NAME : ?MOVE_LONG8_XDATA_IDATA

  SEGMENTS IN THE MODULE
  ======================
<CSTART,NEAR_CODE,RCODE> 1 (was RCODE)
  Relative segment, address: CODE 0000077F - 0000078B (0xd bytes), align: 0
  Segment part 0.
           ENTRY                   ADDRESS         REF BY
           =====                   =======         ======
           ?MOVE_LONG8_XDATA_IDATA
                                   0000077F        ?PUSH_XSTACK_I (?PUSH_XSTACK_I)

    -------------------------------------------------------------------------
  LIBRARY MODULE, NAME : ?US_SHR

  SEGMENTS IN THE MODULE
  ======================
<CSTART,NEAR_CODE,RCODE> 1 (was RCODE)
  Relative segment, address: CODE 00000770 - 00000772 (0x3 bytes), align: 0
  Segment part 1.             Intra module refs:   Segment part 2
           ENTRY                   ADDRESS         REF BY
           =====                   =======         ======
           ?US_SHR                 00000770        HalFlashWrite (hal_flash)
                                                   main (bim_main)
    -------------------------------------------------------------------------
<CSTART,NEAR_CODE,RCODE> 1 (was RCODE)
  Relative segment, address: CODE 00000773 - 0000077E (0xc bytes), align: 0
  Segment part 2.             Intra module refs:   ?US_SHR

    -------------------------------------------------------------------------
  LIBRARY MODULE, NAME : ?S_SHL

  SEGMENTS IN THE MODULE
  ======================
<CSTART,NEAR_CODE,RCODE> 1 (was RCODE)
  Relative segment, address: CODE 0000073D - 0000073F (0x3 bytes), align: 0
  Segment part 0.
           ENTRY                   ADDRESS         REF BY
           =====                   =======         ======
           ?S_SHL                  0000073D        DMAExecCrc (bim_main)
                                                   HalFlashRead (hal_flash)
    -------------------------------------------------------------------------
<CSTART,NEAR_CODE,RCODE> 1 (was RCODE)
  Relative segment, address: CODE 00000740 - 00000742 (0x3 bytes), align: 0
  Segment part 1.             Intra module refs:   Segment part 2
           ENTRY                   ADDRESS         REF BY
           =====                   =======         ======
           ?S_SHL_REW              00000740 
    -------------------------------------------------------------------------
<CSTART,NEAR_CODE,RCODE> 1 (was RCODE)
  Relative segment, address: CODE 00000743 - 0000074F (0xd bytes), align: 0
  Segment part 2.             Intra module refs:   ?S_SHL
                                                   ?S_SHL_REW

    -------------------------------------------------------------------------
  LIBRARY MODULE, NAME : ?ALLOC_XSTACK8

  SEGMENTS IN THE MODULE
  ======================
<CSTART,NEAR_CODE,RCODE> 1 (was RCODE)
  Relative segment, address: CODE 00000727 - 0000073C (0x16 bytes), align: 0
  Segment part 0.
           ENTRY                   ADDRESS         REF BY
           =====                   =======         ======
           ?ALLOC_XSTACK8          00000727        main (bim_main)

    -------------------------------------------------------------------------
  LIBRARY MODULE, NAME : ?DEALLOC_XSTACK8

  SEGMENTS IN THE MODULE
  ======================
<CSTART,NEAR_CODE,RCODE> 1 (was RCODE)
  Relative segment, address: CODE 0000070C - 00000726 (0x1b bytes), align: 0
  Segment part 0.
           ENTRY                   ADDRESS         REF BY
           =====                   =======         ======
           ?DEALLOC_XSTACK8        0000070C        main (bim_main)

    -------------------------------------------------------------------------
  LIBRARY MODULE, NAME : ?ADD_XSTACK_DISP8

  SEGMENTS IN THE MODULE
  ======================
<CSTART,NEAR_CODE,RCODE> 1 (was RCODE)
  Relative segment, address: CODE 000006F1 - 0000070B (0x1b bytes), align: 0
  Segment part 1.
           ENTRY                   ADDRESS         REF BY
           =====                   =======         ======
           ?ADD_XSTACK_DISP0_8     000006F1        ?PUSH_XSTACK_I (?PUSH_XSTACK_I)

    -------------------------------------------------------------------------
  LIBRARY MODULE, NAME : ?XSTACK_DISP8

  SEGMENTS IN THE MODULE
  ======================
<CSTART,NEAR_CODE,RCODE> 1 (was RCODE)
  Relative segment, address: CODE 0000078C - 00000795 (0xa bytes), align: 0
  Segment part 1.
           ENTRY                   ADDRESS         REF BY
           =====                   =======         ======
           ?XSTACK_DISP0_8         0000078C        HalFlashRead (hal_flash)
                                                   HalFlashWrite (hal_flash)
                                                   main (bim_main)

    -------------------------------------------------------------------------
  LIBRARY MODULE, NAME : ?XSTACK_DISP8_RP

  SEGMENTS IN THE MODULE
  ======================
<CSTART,NEAR_CODE,RCODE> 1 (was RCODE)
  Relative segment, address: CODE 00000796 - 0000079D (0x8 bytes), align: 0
  Segment part 2.
           ENTRY                   ADDRESS         REF BY
           =====                   =======         ======
           ?XSTACK_DISP102_8       00000796        main (bim_main)

    -------------------------------------------------------------------------
  LIBRARY MODULE, NAME : ?FUNC_ENTER_XDATA

  SEGMENTS IN THE MODULE
  ======================
<CSTART,NEAR_CODE,RCODE> 1 (was RCODE)
  Relative segment, address: CODE 0000064B - 000006B0 (0x66 bytes), align: 0
  Segment part 1.
           ENTRY                   ADDRESS         REF BY
           =====                   =======         ======
           ?FUNC_ENTER_XDATA       0000064B        DMAExecCrc (bim_main)
                                                   HalFlashRead (hal_flash)
                                                   HalFlashWrite (hal_flash)

    -------------------------------------------------------------------------
  LIBRARY MODULE, NAME : ?FUNC_LEAVE_XDATA

  SEGMENTS IN THE MODULE
  ======================
<CSTART,NEAR_CODE,RCODE> 1 (was RCODE)
  Relative segment, address: CODE 000006B1 - 000006F0 (0x40 bytes), align: 0
  Segment part 1.
           ENTRY                   ADDRESS         REF BY
           =====                   =======         ======
           ?FUNC_LEAVE_XDATA       000006B1        DMAExecCrc (bim_main)
                                                   HalFlashRead (hal_flash)
                                                   HalFlashWrite (hal_flash)

    -------------------------------------------------------------------------
  LIBRARY MODULE, NAME : ?PUSH_XSTACK_I

  SEGMENTS IN THE MODULE
  ======================
<CSTART,NEAR_CODE,RCODE> 1 (was RCODE)
  Relative segment, address: CODE 00000750 - 00000753 (0x4 bytes), align: 0
  Segment part 2.
           ENTRY                   ADDRESS         REF BY
           =====                   =======         ======
           ?PUSH_XSTACK_I_TWO      00000750        main (bim_main)
    -------------------------------------------------------------------------
<CSTART,NEAR_CODE,RCODE> 1 (was RCODE)
  Relative segment, address: CODE 00000754 - 00000760 (0xd bytes), align: 0
  Segment part 4.             Intra module refs:   ?PUSH_XSTACK_I_TWO
           ENTRY                   ADDRESS         REF BY
           =====                   =======         ======
           ?PUSH_XSTACK_I          00000754 

    *************************************************************************

  DEFINED ABSOLUTE ENTRIES
  PROGRAM MODULE, NAME : ?FILLER_BYTES

  SEGMENTS IN THE MODULE
  ======================
INTVEC
  Common segment, address: CODE 00000000 - 00000090 (0x91 bytes), align: 0
  Segment part 2.
    -------------------------------------------------------------------------
?FILL2
  Relative segment, address: CODE 000007A9 - 000007FF (0x57 bytes), align: 0
  Segment part 1.
    -------------------------------------------------------------------------
?FILL1
  Relative segment, address: CODE 00000091 - 00000093 (0x3 bytes), align: 0
  Segment part 0.




                ****************************************
                *                                      *
                *            MODULE SUMMARY            *
                *                                      *
                ****************************************

Module                    CODE      DATA      XDATA  IDATA    BIT
------                    ----      ----      -----  -----    ---
                         (Rel)  (Rel)  (Abs)  (Rel)  (Rel)  (Rel)
?ADD_XSTACK_DISP8           27
?ALLOC_XSTACK8              22
?DEALLOC_XSTACK8            27
?FILLER_BYTES               90
  + common                 145
?FUNC_ENTER_XDATA          102
?FUNC_LEAVE_XDATA           64
?MOVE_LONG8_XDATA_IDATA     13
?PUSH_XSTACK_I              17
?S_SHL                      19
?US_SHR                     15
?XSTACK_DISP8               10
?XSTACK_DISP8_RP             8
?cexit                       5
?cmain                       6
CSTARTUP                    15
  + common                   3
VIRTUAL_REGISTERS                   6                           8
bim_ivec                   328
  + common                 145
bim_main                   897            13  2 056
  + shared                                 3
hal_flash                  238             1
N/A (command line)                  8           384    192
N/A (alignment)
----------               -----     --     --  -----    ---      -
Total:                   1 903     14     17  2 440    192      8
  + common                 145


                ****************************************
                *                                      *
                *      SEGMENTS IN ADDRESS ORDER       *
                *                                      *
                ****************************************


SEGMENT              SPACE    START ADDRESS   END ADDRESS     SIZE  TYPE  ALIGN
=======              =====    =============   ===========     ====  ====  =====
INTVEC               CODE          00000000 - 00000090          91   com    0
?FILL1               CODE          00000091 - 00000093           3   rel    0
ALIGNED_CODE         CODE          00000094 - 00000098           5   rel    2
<CSTART,NEAR_CODE,RCODE> 1
                     CODE          00000099 - 000007A8         710   rel    0
?FILL2               CODE          000007A9 - 000007FF          57   rel    0
REGISTERS            DATA          00000000 - 00000007           8   rel    0
DATA_AN              DATA          00000009 - 00000009           1   rel    0
VREG                 DATA          0000000A - 0000000D           4   rel    0
PSP                  DATA               0000000E                     dse    0
XSP                  DATA          0000000E - 0000000F           2   rel    0
BREG                 BIT        00000020.0  -  00000020.7        8   rel    0
SFR_AN               DATA          00000087 - 00000087           1   rel    0
                     DATA          0000009D - 0000009E           2 
                     DATA          000000A8 - 000000A8           1 
                     DATA          000000B4 - 000000B4           1 
                     DATA          000000BC - 000000BE           3 
                     DATA          000000C6 - 000000C7           2 
                     DATA          000000C9 - 000000C9           1 
                     DATA          000000D1 - 000000D1           1 
                     DATA          000000D4 - 000000D7           4 
XSTACK               XDATA         00000000 - 0000017F         180   rel    0
<XDATA_N> 1          XDATA         00000180 - 00000987         808   rel    0
ISTACK               IDATA         00000040 - 000000FF          C0   rel    0

                ****************************************
                *                                      *
                *        END OF CROSS REFERENCE        *
                *                                      *
                ****************************************

 1 958 bytes of CODE  memory (+             90 range fill )
    14 bytes of DATA  memory (+ 17 absolute )
 2 440 bytes of XDATA memory
   192 bytes of IDATA memory
     8 bits  of BIT   memory

Errors: none
Warnings: none

